 Microsoft MACRO Assembler  Version 3.00               	Page	1-1
RDSC - handler routines for on-disc filesystem for DOS	 	05-19-<6    


 	 	 	 	; +--------------------------------------------
	 	 	 	--------------------------------+
 	 	 	 	; | R128 ROM filesystem                        
	 	 	 	                                |
 	 	 	 	; | Copyright (C) 2026 Pozsar Zsolt <pozsarzs@g
	 	 	 	mail.com>                       |
 	 	 	 	; | rdsclib.asm                                
	 	 	 	                                |
 	 	 	 	; | Handler routines for on-disc filesystem, 80
	 	 	 	88, DOS, v0.1                   |
 	 	 	 	; +--------------------------------------------
	 	 	 	--------------------------------+
 	 	 	 	; This is a free software: you can redistribute
	 	 	 	 it and/or modify it under the
 	 	 	 	; terms of the MIT License.
 	 	 	 	;
 	 	 	 	; This program is distributed in the hope that 
	 	 	 	it will be useful, but WITHOUT
 	 	 	 	; ANY WARRANTY; without even the implied warran
	 	 	 	ty of MERCHANTABILITY or FITNESS
 	 	 	 	; FOR A PARTICULAR PURPOSE.
 	 	 	 	
 	 	 	 	TITLE	RDSC - handler routines for on-disc fil
	 	 	 	esystem for DOS
 	 	 	 	NAME	RDSC
 	 	 	 	
 	 	 	 	; **** CONSTANTS ****
 = 0013	 	 	 	BIOS13	EQU	13h	 	; BIOS disk han
	 	 	 	dler function
 = 0002	 	 	 	B13RDST	EQU	02h	 	; - read sector
 = 0002	 	 	 	RNUM	EQU	02h	 	; number of rou
	 	 	 	tines
 	 	 	 	
 	 	 	 	; **** CODE AREA ****
 0000	 	 	 	CSEG	SEGMENT PUBLIC 'CODE'
 	 	 	 	 	ASSUME	CS:CSEG, DS:CSEG, ES:CSEG, SS:C
	 	 	 	SEG
 	 	 	 	
 	 	 	 	PUBLIC  RDSC
 	 	 	 	
 	 	 	 	; ---- ENTRY POINT AND JUMP TABLE -------------
	 	 	 	-----------------------
 	 	 	 	
 	 	 	 	;|name   |AL |BX     |CH  |CL     |DX      |fun
	 	 	 	ction|ret. AL|ret. BX |
 	 	 	 	;|-------|:-:|:-----:|:--:|:-----:|:------:|---
	 	 	 	-----|:-----:|:------:|
 	 	 	 	;|rdsclib|00h|bufaddr|    |       |        |RDI
	 	 	 	NIT  |0      |bufaddr |
 	 	 	 	;|rdsclib|01h|sector |head|discid |track   |RDS
	 	 	 	TRD  |errcode|bufaddr |
 	 	 	 	;
 	 	 	 	; Error codes:
 	 	 	 	;   00h. no error	 	CF = 0
 Microsoft MACRO Assembler  Version 3.00               	Page	1-2
RDSC - handler routines for on-disc filesystem for DOS	 	05-19-<6    


 	 	 	 	;   01h: bad function	 	CF = 1
 	 	 	 	;   07h: sector read error	CF = 1
 	 	 	 	;
 	 	 	 	; Preserves: CX, SI, DI
 	 	 	 	
 0000	 	 	 	RDSC	PROC	NEAR
 0000  51	 	 	 	PUSH	CX	 	; save input CX
	 	 	 	 for caller
 0001  56	 	 	 	PUSH	SI	 	; save input SI
	 	 	 	 for caller
 0002  57	 	 	 	PUSH	DI	 	; save input DI
	 	 	 	 for caller
 	 	 	 	
 0003  89 1E 006A R	 	 	MOV	INPRBX, BX	; save input BX
	 	 	 	 for selected routine 
 0007  88 2E 006C R	 	 	MOV	INPRCH, CH	; save input CL
	 	 	 	 for selected routine
 000B  88 0E 006D R	 	 	MOV	INPRCL, CL	; save input CL
	 	 	 	 for selected routine
 000F  89 16 006E R	 	 	MOV	INPRDX, DX	; save input DX
	 	 	 	 for selected routine
 	 	 	 	
 0013  3C 02	 	 	 	CMP	AL, RNUM	; compare funct
	 	 	 	ion code with max valid index
 0015  73 0D	 	 	 	JAE	MNBADF	 	; if A >= RNUM:
	 	 	 	 invalid function, jump to MNBADF
 	 	 	 	
 0017  98	 	 	 	CBW	 	 	; AX = AL
 0018  D1 E0	 	 	 	SHL	AX, 1	 	; AX = AX * 2 (
	 	 	 	word index into jump table)
 001A  8B F0	 	 	 	MOV	SI, AX	 	; SI = AX
 001C  FF A4 0020 R	 	 	JMP	WORD PTR MNJTAB[SI] ; indirect 
	 	 	 	jump to selected routine
 	 	 	 	
 0020  002D R	 	 	MNJTAB	DW	RDINIT	 	; 0: initialise
	 	 	 	 module
 0022  003F R	 	 	 	DW	RDSTRD	 	; 1: read a log
	 	 	 	ical sector and write to buffer
 	 	 	 	
 0024  5F	 	 	MNBADF:	POP	DI	 	; restore input
	 	 	 	 DI for caller
 0025  5E	 	 	 	POP	SI	 	; restore input
	 	 	 	 SI for caller
 0026  59	 	 	 	POP	CX	 	; restore input
	 	 	 	 CX for caller
 0027  B0 01	 	 	 	MOV	AL, 01h	 	; AL = 1 (error
	 	 	 	: bad function)
 0029  33 DB	 	 	 	XOR	BX, BX	 	; BX = 0
 002B  F9	 	 	 	STC	 	 	; CF = 1 (retur
	 	 	 	n with error)
 002C  C3	 	 	 	RET
 	 	 	 	
 	 	 	 	; ---- INITIALIZE MODULE ----------------------
	 	 	 	-----------------------
 Microsoft MACRO Assembler  Version 3.00               	Page	1-3
RDSC - handler routines for on-disc filesystem for DOS	 	05-19-<6    


 	 	 	 	
 	 	 	 	;|name   |AL |BX     |CH  |CL     |DX      |fun
	 	 	 	ction|ret. AL|ret. BX |
 	 	 	 	;|-------|:-:|:-----:|:--:|:-----:|:------:|---
	 	 	 	-----|:-----:|:------:|
 	 	 	 	;|rdsclib|00h|bufaddr|    |       |        |RDI
	 	 	 	NIT  |0      |bufaddr |
 	 	 	 	
 002D  8B 1E 006A R	 	RDINIT:	MOV	BX, INPRBX	; get input BX 
	 	 	 	data	
 0031  89 1E 0070 R	 	 	MOV	BUFADD, BX	; store buffer 
	 	 	 	starting address
 	 	 	 	
 0035  8B 1E 0070 R	 	INITDN: MOV	BX, BUFADD	; BX = buffer a
	 	 	 	ddress
 0039  32 C0	 	 	 	XOR	AL, AL	 	; AL = 0, CF = 
	 	 	 	0
 003B  5F	 	 	 	POP	DI	 	; restore input
	 	 	 	 DI for caller
 003C  5E	 	 	 	POP	SI	 	; restore input
	 	 	 	 SI for caller
 003D  59	 	 	 	POP	CX	 	; restore input
	 	 	 	 CX for caller
 003E  C3	 	 	 	RET
 	 	 	 	
 	 	 	 	; ---- READ A SECTOR --------------------------
	 	 	 	-----------------------
 	 	 	 	
 	 	 	 	;|name   |AL |BX     |CH  |CL     |DX      |fun
	 	 	 	ction|ret. AL|ret. BX |
 	 	 	 	;|-------|:-:|:-----:|:--:|:-----:|:------:|---
	 	 	 	-----|:-----:|:------:|
 	 	 	 	;|rdsclib|01h|sector |head|discid |track   |RDS
	 	 	 	TRD  |errcode|bufaddr |
 	 	 	 	
 003F	 	 	 	RDSTRD:	;PUSH	CS	 	; save CS
 	 	 	 	 	;POP	ES	 	; ES = restored
	 	 	 	 CS
 	 	 	 	
 003F  B4 02	 	 	 	MOV	AH, B13RDST	; function code
 0041  B0 01	 	 	 	MOV	AL, 1	 	; sector number
 0043  8B 1E 0070 R	 	 	MOV	BX, BUFADD	; buffer addres
	 	 	 	s
 0047  8A 2E 006E R	 	 	MOV	CH, BYTE PTR INPRDX ; track num
	 	 	 	ber
 004B  8A 0E 006A R	 	 	MOV	CL, BYTE PTR INPRBX ; sector nu
	 	 	 	mber
 004F  8A 36 006C R	 	 	MOV	DH, INPRCH	; head number
 0053  8A 16 006D R	 	 	MOV	DL, INPRCL	; disc drive nu
	 	 	 	mber
 0057  CD 13	 	 	 	INT	BIOS13	 	; call BIOS fun
	 	 	 	ction
 0059  72 0A	 	 	 	JC	STRDER	 	; if C = 1 then
	 	 	 	 goto STRDER
 Microsoft MACRO Assembler  Version 3.00               	Page	1-4
RDSC - handler routines for on-disc filesystem for DOS	 	05-19-<6    


 005B  32 C0	 	 	 	XOR	AL, AL	 	; AL = 0, CF = 
	 	 	 	0
 	 	 	 	 	
 005D  8B 1E 0070 R	 	STRDDN:	MOV	BX, BUFADD	; BX = buffer a
	 	 	 	ddress
 0061  5F	 	 	 	POP	DI	 	; restore input
	 	 	 	 DI for caller
 0062  5E	 	 	 	POP	SI	 	; restore input
	 	 	 	 SI for caller
 0063  59	 	 	 	POP	CX	 	; restore input
	 	 	 	 CX for caller
 0064  C3	 	 	 	RET
 	 	 	 	
 0065  B0 07	 	 	STRDER:	MOV	AL, 07h	 	; AL = 7
 0067  F9	 	 	 	STC	 	 	; CF = 1
 0068  EB F3	 	 	 	JMP	STRDDN	 	; goto STRDDN
 	 	 	 	
 006A	 	 	 	RDSC	ENDP
 	 	 	 	
 	 	 	 	; **** DATA AREA ****
 006A  0000	 	 	INPRBX	DW	0	 	; input data in
	 	 	 	 BX
 006C  00	 	 	INPRCH	DB	0	 	; input data in
	 	 	 	 CH
 006D  00	 	 	INPRCL	DB	0	 	; input data in
	 	 	 	 CL
 006E  0000	 	 	INPRDX	DW	0	 	; input data in
	 	 	 	 DX
 0070  0000	 	 	BUFADD	DW	0	 	; buffer start 
	 	 	 	address
 	 	 	 	
 0072	 	 	 	CSEG	ENDS
 	 	 	 	 	END

 Microsoft MACRO Assembler  Version 3.00               	Page	Symbols
	 	 	 	-1
RDSC - handler routines for on-disc filesystem for DOS	 	05-19-<6    


Segments and Groups:

	 	N a m e	 	 	Size	Align	Combine	Class

CSEG . . . . . . . . . . . . . .	0072	PARA  	PUBLIC	'CODE'

Symbols:            

	 	N a m e	 	 	Type	Value	Attr         

B13RDST. . . . . . . . . . . . .	Number	0002	
BIOS13 . . . . . . . . . . . . .	Number	0013	
BUFADD . . . . . . . . . . . . .	L WORD 	0070	CSEG
INITDN . . . . . . . . . . . . .	L NEAR 	0035	CSEG
INPRBX . . . . . . . . . . . . .	L WORD 	006A	CSEG
INPRCH . . . . . . . . . . . . .	L BYTE 	006C	CSEG
INPRCL . . . . . . . . . . . . .	L BYTE 	006D	CSEG
INPRDX . . . . . . . . . . . . .	L WORD 	006E	CSEG
MNBADF . . . . . . . . . . . . .	L NEAR 	0024	CSEG
MNJTAB . . . . . . . . . . . . .	L WORD 	0020	CSEG
RDINIT . . . . . . . . . . . . .	L NEAR 	002D	CSEG
RDSC . . . . . . . . . . . . . .	N PROC	0000	CSEG	Global	Length 
	 	 	 	=006A
RDSTRD . . . . . . . . . . . . .	L NEAR 	003F	CSEG
RNUM . . . . . . . . . . . . . .	Number	0002	
STRDDN . . . . . . . . . . . . .	L NEAR 	005D	CSEG
STRDER . . . . . . . . . . . . .	L NEAR 	0065	CSEG

49686 Bytes free   

Warning Severe
Errors	Errors 
0	0
